// Jest Snapshot v1, https://goo.gl/fbAQLP

exports[`replace the content between the ALL-CONTRIBUTORS-LIST tags by a table of contributors 1`] = `
"# project

Description

## Contributors
These people contributed to the project:
<!-- ALL-CONTRIBUTORS-LIST:START -->
<!-- prettier-ignore -->
<table><tr><td align=\\"center\\">Kent C. Dodds is awesome!</td><td align=\\"center\\">Divjot Singh is awesome!</td><td align=\\"center\\">Jeroen Engels is awesome!</td></tr></table>
<!-- ALL-CONTRIBUTORS-LIST:END -->

Thanks a lot everyone!"
`;

exports[`split contributors into multiples lines when there are too many 1`] = `
"# project

Description

## Contributors
These people contributed to the project:
<!-- ALL-CONTRIBUTORS-LIST:START -->
<!-- prettier-ignore -->
<table><tr><td align=\\"center\\">Kent C. Dodds is awesome!</td><td align=\\"center\\">Kent C. Dodds is awesome!</td><td align=\\"center\\">Kent C. Dodds is awesome!</td><td align=\\"center\\">Kent C. Dodds is awesome!</td><td align=\\"center\\">Kent C. Dodds is awesome!</td></tr><tr><td align=\\"center\\">Kent C. Dodds is awesome!</td><td align=\\"center\\">Kent C. Dodds is awesome!</td></tr></table>
<!-- ALL-CONTRIBUTORS-LIST:END -->

Thanks a lot everyone!"
`;
